[2025-11-11T17:08:57.623900] [move] Paul: Ход на 3A → miss
[2025-11-11T17:08:59.339382] [move] Бот: Ход на 6B → miss
[2025-11-11T17:09:04.577408] [move] Paul: Ход на 6A → miss
[2025-11-11T17:09:05.442904] [move] Бот: Ход на 3F → hit
[2025-11-11T17:09:05.452731] [move] Бот: Ход на 7C → miss
[2025-11-11T17:09:08.037736] [move] Paul: Ход на 4F → hit
[2025-11-11T17:09:15.846434] [move] Paul: Ход на 4E → miss
[2025-11-11T17:09:16.743087] [move] Бот: Ход на 5C → hit
[2025-11-11T17:09:16.764591] [move] Бот: Ход на 8C → miss
[2025-11-11T17:09:24.766850] [move] Paul: Ход на 4G → hit
[2025-11-11T17:09:28.396718] [move] Paul: Ход на 4H → destroyed
[2025-11-11T17:09:35.979891] [move] Paul: Ход на 1F → miss
[2025-11-11T17:09:36.782426] [move] Бот: Ход на 1F → hit
[2025-11-11T17:09:36.794791] [move] Бот: Ход на 8H → destroyed
[2025-11-11T17:09:36.817609] [move] Бот: Ход на 4C → miss
[2025-11-11T17:09:40.884877] [move] Paul: Ход на 5E → miss
[2025-11-11T17:09:41.782995] [move] Бот: Ход на 7F → destroyed
[2025-11-11T17:09:41.793148] [move] Бот: Ход на 2B → miss
[2025-11-11T17:09:44.192924] [move] Paul: Ход на 6E → miss
[2025-11-11T17:09:44.789554] [move] Бот: Ход на 3H → miss
[2025-11-11T17:09:48.705938] [move] Paul: Ход на 7G → hit
[2025-11-11T17:09:54.283052] [move] Paul: Ход на 6G → miss
[2025-11-11T17:09:54.795606] [move] Бот: Ход на 6D → miss
[2025-11-11T17:09:58.762751] [move] Paul: Ход на 8G → destroyed
[2025-11-11T17:10:06.019114] [move] Paul: Ход на 7D → hit
[2025-11-11T17:10:10.423041] [move] Paul: Ход на 7C → hit
[2025-11-11T17:10:17.863126] [move] Paul: Ход на 7B → hit
[2025-11-11T17:10:26.172948] [move] Paul: Ход на 7A → miss
[2025-11-11T17:10:26.893130] [move] Бот: Ход на 8A → miss
[2025-11-11T17:10:29.977902] [move] Paul: Ход на 7E → destroyed
[2025-11-11T17:10:37.843021] [move] Paul: Ход на 5C → hit
[2025-11-11T17:10:41.632980] [move] Paul: Ход на 5B → hit
[2025-11-11T17:10:48.283975] [move] Paul: Ход на 5A → miss
[2025-11-11T17:10:49.076673] [move] Бот: Ход на 1A → hit
[2025-11-11T17:10:49.095397] [move] Бот: Ход на 2H → miss
[2025-11-11T17:10:52.107190] [move] Paul: Ход на 5D → destroyed
[2025-11-11T17:10:58.432983] [move] Paul: Ход на 3C → miss
[2025-11-11T17:10:59.114443] [move] Бот: Ход на 5B → hit
[2025-11-11T17:10:59.131381] [move] Бот: Ход на 2G → miss
[2025-11-11T17:11:02.062999] [move] Paul: Ход на 3B → hit
[2025-11-11T17:11:04.743031] [move] Paul: Ход на 2B → destroyed
[2025-11-11T17:11:10.484274] [move] Paul: Ход на 1D → destroyed
[2025-11-11T17:11:16.040089] [move] Paul: Ход на 2H → miss
[2025-11-11T17:11:16.762821] [move] Бот: Ход на 7D → miss
[2025-11-11T17:11:22.205622] [move] Paul: Ход на 1H → miss
[2025-11-11T17:11:22.906741] [move] Бот: Ход на 3G → destroyed
[2025-11-11T17:11:22.922895] [move] Бот: Ход на 2D → miss
[2025-11-11T17:11:25.253079] [move] Paul: Ход на 1G → miss
[2025-11-11T17:11:25.862986] [move] Бот: Ход на 8D → miss
[2025-11-11T17:11:30.663484] [move] Paul: Ход на 3F → miss
[2025-11-11T17:11:31.321424] [move] Бот: Ход на 5A → destroyed
[2025-11-11T17:11:31.334362] [move] Бот: Ход на 3D → miss
[2025-11-11T17:11:33.971140] [move] Paul: Ход на 2F → hit
[2025-11-11T17:11:36.750689] [move] Paul: Ход на 2G → destroyed
[2025-11-11T17:11:57.131027] [move] Paul: Ход на 3D → destroyed
